[ashik.templatepath.net/inovex-html-files/index-3.html]
[backblue.gif]
[fade.gif]
[index.html]
[ashik.templatepath.net/inovex-html-files/assets/images/favicons/apple-touch-icon.png]
[ashik.templatepath.net/inovex-html-files/assets/images/favicons/favicon-32x32.png]
[ashik.templatepath.net/inovex-html-files/assets/images/favicons/favicon-16x16.png]
[ashik.templatepath.net/inovex-html-files/assets/images/favicons/site.webmanifest]
[ashik.templatepath.net/inovex-html-files/assets/css/animate.css]
[ashik.templatepath.net/inovex-html-files/assets/css/bootstrap.min.css]
[ashik.templatepath.net/inovex-html-files/assets/css/bootstrap-datepicker.min.css]
[ashik.templatepath.net/inovex-html-files/assets/css/bootstrap-select.min.css]
[ashik.templatepath.net/inovex-html-files/assets/css/fontawesome-all.min.css]
[ashik.templatepath.net/inovex-html-files/assets/css/hover-min.css]
[ashik.templatepath.net/inovex-html-files/assets/css/swiper.min.css]
[ashik.templatepath.net/inovex-html-files/assets/css/jquery.mCustomScrollbar.min.css]
[ashik.templatepath.net/inovex-html-files/assets/css/magnific-popup.css]
[ashik.templatepath.net/inovex-html-files/assets/css/owl.carousel.min.css]
[ashik.templatepath.net/inovex-html-files/assets/css/owl.theme.default.min.css]
[ashik.templatepath.net/inovex-html-files/assets/css/responsive.css]
[ashik.templatepath.net/inovex-html-files/assets/css/style.css]
[ashik.templatepath.net/inovex-html-files/index.html]
[ashik.templatepath.net/inovex-html-files/assets/images/logo-1-2.png]
[ashik.templatepath.net/inovex-html-files/index-2.html]
[ashik.templatepath.net/inovex-html-files/about-1.html]
[ashik.templatepath.net/inovex-html-files/about-2.html]
[ashik.templatepath.net/inovex-html-files/team.html]
[ashik.templatepath.net/inovex-html-files/services.html]
[ashik.templatepath.net/inovex-html-files/service-d-content.html]
[ashik.templatepath.net/inovex-html-files/service-d-ppc.html]
[ashik.templatepath.net/inovex-html-files/service-d-seo.html]
[ashik.templatepath.net/inovex-html-files/service-d-smm.html]
[ashik.templatepath.net/inovex-html-files/service-d-social.html]
[ashik.templatepath.net/inovex-html-files/pricing.html]
[ashik.templatepath.net/inovex-html-files/testimonials.html]
[ashik.templatepath.net/inovex-html-files/faq.html]
[ashik.templatepath.net/inovex-html-files/error-404.html]
[ashik.templatepath.net/inovex-html-files/portfolio-grid.html]
[ashik.templatepath.net/inovex-html-files/portfolio-col.html]
[ashik.templatepath.net/inovex-html-files/portfolio-masonry.html]
[ashik.templatepath.net/inovex-html-files/blog-standard.html]
[ashik.templatepath.net/inovex-html-files/blog-grid.html]
[ashik.templatepath.net/inovex-html-files/portfolio-details.html]
[ashik.templatepath.net/inovex-html-files/blog-details.html]
[ashik.templatepath.net/inovex-html-files/contact.html]
[ashik.templatepath.net/inovex-html-files/assets/images/shapes/banner-3-shape-1-1.png]
[ashik.templatepath.net/inovex-html-files/assets/images/shapes/banner-3-shape-1-2.png]
[ashik.templatepath.net/inovex-html-files/assets/images/shapes/banner-3-shape-1-3.png]
[ashik.templatepath.net/inovex-html-files/assets/images/shapes/banner-3-shape-1-4.png]
[ashik.templatepath.net/inovex-html-files/assets/images/shapes/banner-3-shape-1-5.png]
[ashik.templatepath.net/inovex-html-files/assets/images/shapes/banner-3-shape-1-6.png]
[ashik.templatepath.net/inovex-html-files/assets/images/mocups/banner-moc-3-1.png]
[ashik.templatepath.net/inovex-html-files/assets/images/brand/brand-1-1.png]
[ashik.templatepath.net/inovex-html-files/assets/images/brand/brand-1-2.png]
[ashik.templatepath.net/inovex-html-files/assets/images/brand/brand-1-3.png]
[ashik.templatepath.net/inovex-html-files/assets/images/brand/brand-1-4.png]
[ashik.templatepath.net/inovex-html-files/assets/images/brand/brand-1-5.png]
[ashik.templatepath.net/inovex-html-files/assets/images/shapes/service-2-i-1.png]
[ashik.templatepath.net/inovex-html-files/assets/images/shapes/service-2-i-2.png]
[ashik.templatepath.net/inovex-html-files/assets/images/shapes/service-2-i-3.png]
[ashik.templatepath.net/inovex-html-files/assets/images/shapes/service-sign-1-1.png]
[ashik.templatepath.net/inovex-html-files/assets/images/shapes/bg-shape-1-1.png]
[ashik.templatepath.net/inovex-html-files/assets/images/shapes/bg-shape-1-2.png]
[ashik.templatepath.net/inovex-html-files/assets/images/shapes/bg-shape-1-3.png]
[ashik.templatepath.net/inovex-html-files/assets/images/mocups/about-1-moc-1.png]
[ashik.templatepath.net/inovex-html-files/assets/images/shapes/service-1-h3-shape-1.png]
[ashik.templatepath.net/inovex-html-files/assets/images/shapes/service-1-h3-shape-2.png]
[ashik.templatepath.net/inovex-html-files/assets/images/shapes/service-1-h3-shape-3.png]
[ashik.templatepath.net/inovex-html-files/assets/images/shapes/service-i-1.png]
[ashik.templatepath.net/inovex-html-files/assets/images/shapes/service-i-2.png]
[ashik.templatepath.net/inovex-html-files/assets/images/shapes/service-i-3.png]
[ashik.templatepath.net/inovex-html-files/assets/images/shapes/service-i-4.png]
[ashik.templatepath.net/inovex-html-files/assets/images/shapes/testi-qoute-1-1.png]
[ashik.templatepath.net/inovex-html-files/assets/images/mocups/faq-moc-1-1.png]
[ashik.templatepath.net/inovex-html-files/assets/images/mocups/faq-moc-1-2.png]
[ashik.templatepath.net/inovex-html-files/assets/images/shapes/pricing-icon-1-1.png]
[ashik.templatepath.net/inovex-html-files/assets/images/shapes/pricing-icon-1-2.png]
[ashik.templatepath.net/inovex-html-files/assets/images/shapes/pricing-icon-1-3.png]
[ashik.templatepath.net/inovex-html-files/assets/images/blog/blog-1-1.jpg]
[ashik.templatepath.net/inovex-html-files/assets/images/blog/blog-1-2.jpg]
[ashik.templatepath.net/inovex-html-files/assets/images/blog/blog-1-3.jpg]
[ashik.templatepath.net/inovex-html-files/assets/images/blog/blog-1-4.jpg]
[ashik.templatepath.net/inovex-html-files/assets/images/blog/blog-1-5.jpg]
[ashik.templatepath.net/inovex-html-files/assets/images/blog/blog-1-6.jpg]
[ashik.templatepath.net/inovex-html-files/assets/images/blog/blog-1-7.jpg]
[ashik.templatepath.net/inovex-html-files/assets/images/blog/blog-1-8.jpg]
[ashik.templatepath.net/inovex-html-files/assets/images/blog/blog-1-9.jpg]
[ashik.templatepath.net/inovex-html-files/assets/images/blog/blog-1-10.jpg]
[ashik.templatepath.net/inovex-html-files/assets/images/blog/blog-1-11.jpg]
[ashik.templatepath.net/inovex-html-files/assets/images/blog/blog-1-12.jpg]
[ashik.templatepath.net/inovex-html-files/assets/images/logo-1-1.png]
[ashik.templatepath.net/inovex-html-files/assets/js/jquery.min.js]
[ashik.templatepath.net/inovex-html-files/assets/js/bootstrap.bundle.min.js]
[ashik.templatepath.net/inovex-html-files/assets/js/bootstrap-datepicker.min.js]
[ashik.templatepath.net/inovex-html-files/assets/js/bootstrap-select.min.js]
[ashik.templatepath.net/inovex-html-files/assets/js/isotope.js]
[ashik.templatepath.net/inovex-html-files/assets/js/jquery.ajaxchimp.min.js]
[ashik.templatepath.net/inovex-html-files/assets/js/jquery.circleType.js]
[ashik.templatepath.net/inovex-html-files/assets/js/waypoints.min.js]
[ashik.templatepath.net/inovex-html-files/assets/js/jquery.counterup.min.js]
[ashik.templatepath.net/inovex-html-files/assets/js/jquery.lettering.min.js]
[ashik.templatepath.net/inovex-html-files/assets/js/jquery.magnific-popup.min.js]
[ashik.templatepath.net/inovex-html-files/assets/js/jquery.mCustomScrollbar.concat.min.js]
[ashik.templatepath.net/inovex-html-files/assets/js/jquery.validate.min.js]
[ashik.templatepath.net/inovex-html-files/assets/js/owl.carousel.min.js]
[ashik.templatepath.net/inovex-html-files/assets/js/wow.min.js]
[ashik.templatepath.net/inovex-html-files/assets/js/TweenMax.min.js]
[ashik.templatepath.net/inovex-html-files/assets/js/particles.min.js]
[ashik.templatepath.net/inovex-html-files/assets/js/particel-config.js]
[ashik.templatepath.net/inovex-html-files/index-3.html]
[ashik.templatepath.net/inovex-html-files/assets/css/animate.css]
[ashik.templatepath.net/inovex-html-files/assets/css/bootstrap.min.css]
[ashik.templatepath.net/inovex-html-files/assets/css/bootstrap-datepicker.min.css]
[ashik.templatepath.net/inovex-html-files/assets/css/bootstrap-select.min.css]
[ashik.templatepath.net/inovex-html-files/assets/js/theme.js]
[ashik.templatepath.net/inovex-html-files/assets/js/swiper.min.js]
[ashik.templatepath.net/inovex-html-files/assets/fonts/fa-brands-400.woff2]
[ashik.templatepath.net/inovex-html-files/assets/fonts/fa-brands-400.woff]
[ashik.templatepath.net/inovex-html-files/assets/fonts/fa-brands-400.eot]
[ashik.templatepath.net/inovex-html-files/assets/fonts/fa-brands-400d41d.eot]
[ashik.templatepath.net/inovex-html-files/assets/fonts/fa-light-300.woff2]
[ashik.templatepath.net/inovex-html-files/assets/fonts/fa-brands-400.ttf]
[ashik.templatepath.net/inovex-html-files/assets/fonts/fa-light-300.eot]
[ashik.templatepath.net/inovex-html-files/assets/fonts/fa-light-300.woff]
[ashik.templatepath.net/inovex-html-files/assets/fonts/fa-light-300d41d.eot]
[ashik.templatepath.net/inovex-html-files/assets/fonts/fa-brands-400.svg]
[ashik.templatepath.net/inovex-html-files/assets/fonts/fa-regular-400.woff2]
[ashik.templatepath.net/inovex-html-files/assets/fonts/fa-regular-400.eot]
[ashik.templatepath.net/inovex-html-files/assets/fonts/fa-regular-400.woff]
[ashik.templatepath.net/inovex-html-files/assets/fonts/fa-regular-400.svg]
[ashik.templatepath.net/inovex-html-files/assets/fonts/fa-light-300.svg]
[ashik.templatepath.net/inovex-html-files/assets/fonts/fa-solid-900.woff2]
[ashik.templatepath.net/inovex-html-files/assets/fonts/fa-solid-900.woff]
[ashik.templatepath.net/inovex-html-files/assets/fonts/fa-solid-900.eot]
[ashik.templatepath.net/inovex-html-files/assets/fonts/fa-solid-900d41d.eot]
[ashik.templatepath.net/inovex-html-files/assets/css/fontawesome-all.min.css]
[ashik.templatepath.net/inovex-html-files/assets/css/hover-min.css]
[ashik.templatepath.net/inovex-html-files/assets/css/swiper.min.css]
[ashik.templatepath.net/inovex-html-files/assets/css/jquery.mCustomScrollbar.min.css]
[ashik.templatepath.net/inovex-html-files/assets/css/magnific-popup.css]
[ashik.templatepath.net/inovex-html-files/assets/css/owl.carousel.min.css]
[ashik.templatepath.net/inovex-html-files/assets/css/owl.theme.default.min.css]
[ashik.templatepath.net/inovex-html-files/assets/images/shapes/banner-bg-1-1.png]
[ashik.templatepath.net/inovex-html-files/assets/images/shapes/banner-bg-2-1.png]
[ashik.templatepath.net/inovex-html-files/assets/fonts/fa-solid-900.ttf]
[ashik.templatepath.net/inovex-html-files/assets/images/shapes/banner-bg-3-1.png]
[ashik.templatepath.net/inovex-html-files/assets/images/shapes/footer-bg-1-1.png]
[ashik.templatepath.net/inovex-html-files/assets/images/shapes/footer-bg-2-1.png]
[ashik.templatepath.net/inovex-html-files/assets/fonts/fa-solid-900.svg]
[ashik.templatepath.net/inovex-html-files/assets/images/shapes/page-header-bg-1-1.jpg]
[ashik.templatepath.net/inovex-html-files/assets/images/shapes/faq-one-bg-1.png]
[ashik.templatepath.net/inovex-html-files/assets/images/shapes/pricing-icon-shape-1-1.png]
[ashik.templatepath.net/inovex-html-files/assets/images/shapes/pricing-icon-shape-2-1.png]
[ashik.templatepath.net/inovex-html-files/assets/images/shapes/pricing-icon-shape-2-1-hover.png]
[ashik.templatepath.net/inovex-html-files/assets/images/shapes/cta-bg-1-1.jpg]
[ashik.templatepath.net/inovex-html-files/assets/images/shapes/cta-bg-2-2.png]
[ashik.templatepath.net/inovex-html-files/assets/images/shapes/service-s-1-1.png]
[ashik.templatepath.net/inovex-html-files/assets/images/shapes/service-s-1-2.png]
[ashik.templatepath.net/inovex-html-files/assets/images/shapes/service-s-1-3.png]
[ashik.templatepath.net/inovex-html-files/assets/images/shapes/service-s-1-4.png]
[ashik.templatepath.net/inovex-html-files/assets/images/shapes/service-1-bg-3-1.png]
[ashik.templatepath.net/inovex-html-files/assets/images/shapes/service-2-bg-shape-1-1.png]
[ashik.templatepath.net/inovex-html-files/assets/images/shapes/service-2-circle-1-2.png]
[ashik.templatepath.net/inovex-html-files/assets/images/shapes/service-2-circle-1-1.png]
[ashik.templatepath.net/inovex-html-files/assets/images/shapes/service-3-bg-shape-1-1.png]
[ashik.templatepath.net/inovex-html-files/assets/css/style.css]
[ashik.templatepath.net/inovex-html-files/assets/css/responsive.css]
[ashik.templatepath.net/inovex-html-files/assets/images/shapes/footer-shape-1-1.png]
[ashik.templatepath.net/inovex-html-files/assets/images/shapes/footer-shape-1-2.png]
[ashik.templatepath.net/inovex-html-files/assets/images/shapes/footer-shape-1-3.png]
[ashik.templatepath.net/inovex-html-files/assets/images/shapes/footer-shape-1-4.png]
[ashik.templatepath.net/inovex-html-files/assets/images/mocups/banner-moc-1-1.png]
[ashik.templatepath.net/inovex-html-files/assets/images/mocups/banner-moc-1-2.png]
[ashik.templatepath.net/inovex-html-files/assets/images/mocups/banner-moc-1-3.png]
[ashik.templatepath.net/inovex-html-files/assets/images/mocups/banner-moc-1-4.png]
[ashik.templatepath.net/inovex-html-files/assets/images/mocups/banner-moc-1-5.png]
[ashik.templatepath.net/inovex-html-files/assets/images/shapes/service-3-i-1.png]
[ashik.templatepath.net/inovex-html-files/assets/images/shapes/service-3-i-2.png]
[ashik.templatepath.net/inovex-html-files/assets/images/shapes/service-3-i-3.png]
[ashik.templatepath.net/inovex-html-files/assets/images/shapes/about-2-bg-1-1.png]
[ashik.templatepath.net/inovex-html-files/assets/images/shapes/about-2-bg-1-2.png]
[ashik.templatepath.net/inovex-html-files/assets/images/mocups/about-2-moc-1.png]
[ashik.templatepath.net/inovex-html-files/assets/images/mocups/about-2-moc-2.png]
[ashik.templatepath.net/inovex-html-files/assets/images/mocups/about-2-moc-3.png]
[ashik.templatepath.net/inovex-html-files/assets/images/shapes/about-3-bg-1-2.png]
[ashik.templatepath.net/inovex-html-files/assets/images/mocups/about-3-moc-1-1.png]
[ashik.templatepath.net/inovex-html-files/assets/images/mocups/about-3-moc-1-2.png]
[ashik.templatepath.net/inovex-html-files/assets/images/mocups/about-3-moc-1-3.png]
[ashik.templatepath.net/inovex-html-files/assets/images/shapes/steps-bg-1-1.png]
[ashik.templatepath.net/inovex-html-files/assets/images/shapes/about-3-bg-1-1.png]
[ashik.templatepath.net/inovex-html-files/assets/images/shapes/steps-line-1-1.png]
[ashik.templatepath.net/inovex-html-files/assets/images/shapes/contact-form-shape-1-1.png]
[ashik.templatepath.net/inovex-html-files/assets/images/mocups/contact-1-moc-1.png]
[ashik.templatepath.net/inovex-html-files/assets/images/mocups/contact-1-moc-2.png]
[ashik.templatepath.net/inovex-html-files/index.html]
[ashik.templatepath.net/inovex-html-files/assets/images/mocups/banner-moc-2-1.png]
[ashik.templatepath.net/inovex-html-files/assets/images/mocups/banner-moc-2-2.png]
[ashik.templatepath.net/inovex-html-files/assets/images/mocups/banner-moc-2-3.png]
[ashik.templatepath.net/inovex-html-files/assets/images/mocups/banner-moc-2-4.png]
[ashik.templatepath.net/inovex-html-files/assets/images/mocups/banner-moc-2-5.png]
[ashik.templatepath.net/inovex-html-files/assets/images/mocups/banner-moc-2-6.png]
[ashik.templatepath.net/inovex-html-files/assets/images/shapes/service-home-2-bg.png]
[ashik.templatepath.net/inovex-html-files/assets/images/shapes/about-3-bg-2-1.png]
[ashik.templatepath.net/inovex-html-files/assets/images/mocups/about-3-moc-2-1.png]
[ashik.templatepath.net/inovex-html-files/assets/images/shapes/service-1-bg-2-1.png]
[ashik.templatepath.net/inovex-html-files/assets/images/shapes/cta-bg-2-1.png]
[ashik.templatepath.net/inovex-html-files/assets/images/resources/video-1-1.jpg]
[ashik.templatepath.net/inovex-html-files/assets/images/mocups/about-1-moc-2.png]
[ashik.templatepath.net/inovex-html-files/assets/images/shapes/funfact-bg-1-1.png]
[ashik.templatepath.net/inovex-html-files/assets/images/shapes/team-bg-shape-1-1.png]
[ashik.templatepath.net/inovex-html-files/assets/images/team/team-1-1.jpg]
[ashik.templatepath.net/inovex-html-files/assets/images/team/team-1-2.jpg]
[ashik.templatepath.net/inovex-html-files/assets/images/team/team-1-3.jpg]
[ashik.templatepath.net/inovex-html-files/assets/images/mocups/subscribe-moc-1-1.png]
[ashik.templatepath.net/inovex-html-files/assets/images/mocups/subscribe-moc-1-2.png]
[ashik.templatepath.net/inovex-html-files/assets/images/shapes/subscribe-dot-1-1.png]
[ashik.templatepath.net/inovex-html-files/assets/images/shapes/subscribe-shape-1-1.png]
[ashik.templatepath.net/inovex-html-files/index-2.html]
[ashik.templatepath.net/inovex-html-files/assets/images/shapes/page-header-shape-1-1.png]
[ashik.templatepath.net/inovex-html-files/assets/images/shapes/page-header-shape-1-2.png]
[ashik.templatepath.net/inovex-html-files/assets/images/resources/history-1-1.jpg]
[ashik.templatepath.net/inovex-html-files/assets/images/resources/history-1-2.jpg]
[ashik.templatepath.net/inovex-html-files/assets/images/resources/history-1-3.jpg]
[ashik.templatepath.net/inovex-html-files/about-1.html]
[ashik.templatepath.net/inovex-html-files/about-2.html]
[ashik.templatepath.net/inovex-html-files/assets/images/team/team-1-4.jpg]
[ashik.templatepath.net/inovex-html-files/assets/images/team/team-1-5.jpg]
[ashik.templatepath.net/inovex-html-files/assets/images/team/team-1-6.jpg]
[ashik.templatepath.net/inovex-html-files/team.html]
[ashik.templatepath.net/inovex-html-files/services.html]
[ashik.templatepath.net/inovex-html-files/assets/images/services/service-d-1.jpg]
[ashik.templatepath.net/inovex-html-files/assets/images/services/service-d-2-1.jpg]
[ashik.templatepath.net/inovex-html-files/assets/images/services/service-d-2-2.jpg]
[ashik.templatepath.net/inovex-html-files/service-d-content.html]
[ashik.templatepath.net/inovex-html-files/assets/images/services/service-d-2.jpg]
[ashik.templatepath.net/inovex-html-files/service-d-ppc.html]
[ashik.templatepath.net/inovex-html-files/assets/images/services/service-d-3.jpg]
[ashik.templatepath.net/inovex-html-files/service-d-seo.html]
[ashik.templatepath.net/inovex-html-files/assets/images/services/service-d-4.jpg]
[ashik.templatepath.net/inovex-html-files/service-d-smm.html]
[ashik.templatepath.net/inovex-html-files/assets/images/services/service-d-5.jpg]
[ashik.templatepath.net/inovex-html-files/service-d-social.html]
[ashik.templatepath.net/inovex-html-files/assets/images/shapes/pricing-icon-2-1.png]
[ashik.templatepath.net/inovex-html-files/assets/images/shapes/pricing-icon-2-2.png]
[ashik.templatepath.net/inovex-html-files/assets/images/shapes/pricing-icon-2-3.png]
[ashik.templatepath.net/inovex-html-files/assets/images/shapes/pricing-icon-2-4.png]
[ashik.templatepath.net/inovex-html-files/pricing.html]
[ashik.templatepath.net/inovex-html-files/testimonials.html]
[ashik.templatepath.net/inovex-html-files/faq.html]
[ashik.templatepath.net/inovex-html-files/error-404.html]
[ashik.templatepath.net/inovex-html-files/assets/images/portfolio/portfolio-1-1.jpg]
[ashik.templatepath.net/inovex-html-files/assets/images/portfolio/portfolio-1-3.jpg]
[ashik.templatepath.net/inovex-html-files/assets/images/portfolio/portfolio-1-2.jpg]
[ashik.templatepath.net/inovex-html-files/assets/images/portfolio/portfolio-1-4.jpg]
[ashik.templatepath.net/inovex-html-files/assets/images/portfolio/portfolio-1-5.jpg]
[ashik.templatepath.net/inovex-html-files/assets/images/portfolio/portfolio-1-6.jpg]
[ashik.templatepath.net/inovex-html-files/portfolio-grid.html]
[ashik.templatepath.net/inovex-html-files/assets/images/portfolio/portfolio-col-1-1.jpg]
[ashik.templatepath.net/inovex-html-files/assets/images/portfolio/portfolio-col-1-2.jpg]
[ashik.templatepath.net/inovex-html-files/assets/images/portfolio/portfolio-col-1-3.jpg]
[ashik.templatepath.net/inovex-html-files/assets/images/portfolio/portfolio-col-1-4.jpg]
[ashik.templatepath.net/inovex-html-files/assets/images/portfolio/portfolio-col-1-5.jpg]
[ashik.templatepath.net/inovex-html-files/assets/images/portfolio/portfolio-col-1-6.jpg]
[ashik.templatepath.net/inovex-html-files/assets/images/portfolio/portfolio-col-1-7.jpg]
[ashik.templatepath.net/inovex-html-files/assets/images/portfolio/portfolio-col-1-8.jpg]
[ashik.templatepath.net/inovex-html-files/portfolio-col.html]
[ashik.templatepath.net/inovex-html-files/assets/images/portfolio/portfolio-m-1.jpg]
[ashik.templatepath.net/inovex-html-files/assets/images/portfolio/portfolio-m-2.jpg]
[ashik.templatepath.net/inovex-html-files/assets/images/portfolio/portfolio-m-3.jpg]
[ashik.templatepath.net/inovex-html-files/assets/images/portfolio/portfolio-m-6.jpg]
[ashik.templatepath.net/inovex-html-files/assets/images/portfolio/portfolio-m-4.jpg]
[ashik.templatepath.net/inovex-html-files/assets/images/portfolio/portfolio-m-5.jpg]
[ashik.templatepath.net/inovex-html-files/portfolio-masonry.html]
[ashik.templatepath.net/inovex-html-files/assets/images/portfolio/portfolio-d-1.jpg]
[ashik.templatepath.net/inovex-html-files/assets/images/portfolio/portfolio-d-2-1.jpg]
[ashik.templatepath.net/inovex-html-files/assets/images/portfolio/portfolio-d-2-2.jpg]
[ashik.templatepath.net/inovex-html-files/portfolio-details.html]
[ashik.templatepath.net/inovex-html-files/assets/images/blog/blog-2-1.jpg]
[ashik.templatepath.net/inovex-html-files/assets/images/blog/blog-2-2.jpg]
[ashik.templatepath.net/inovex-html-files/assets/images/blog/blog-2-3.jpg]
[ashik.templatepath.net/inovex-html-files/assets/images/blog/blog-2-4.jpg]
[ashik.templatepath.net/inovex-html-files/assets/images/blog/blog-2-5.jpg]
[ashik.templatepath.net/inovex-html-files/assets/images/blog/lp-1-1.jpg]
[ashik.templatepath.net/inovex-html-files/assets/images/blog/lp-1-2.jpg]
[ashik.templatepath.net/inovex-html-files/assets/images/blog/lp-1-3.jpg]
[ashik.templatepath.net/inovex-html-files/blog-standard.html]
[ashik.templatepath.net/inovex-html-files/blog-grid.html]
[ashik.templatepath.net/inovex-html-files/assets/images/blog/blog-d-1-1.jpg]
[ashik.templatepath.net/inovex-html-files/assets/images/blog/blog-d-1-2.jpg]
[ashik.templatepath.net/inovex-html-files/assets/images/blog/blog-d-1-3.jpg]
[ashik.templatepath.net/inovex-html-files/assets/images/blog/comment-1-1.jpg]
[ashik.templatepath.net/inovex-html-files/assets/images/blog/comment-1-2.jpg]
[ashik.templatepath.net/inovex-html-files/assets/images/blog/comment-1-3.jpg]
[ashik.templatepath.net/inovex-html-files/blog-details.html]
[ashik.templatepath.net/inovex-html-files/contact.html]
[ashik.templatepath.net/inovex-html-files/service-details.html]
[ashik.templatepath.net/inovex-html-files/assets/fonts/fa-brands-400.svg]
[ashik.templatepath.net/inovex-html-files/assets/fonts/fa-light-300.ttf]
[ashik.templatepath.net/inovex-html-files/assets/fonts/fa-light-300.svg]
[ashik.templatepath.net/inovex-html-files/assets/fonts/fa-regular-400.svg]
[ashik.templatepath.net/inovex-html-files/assets/fonts/fa-regular-400d41d.eot]
[ashik.templatepath.net/inovex-html-files/assets/fonts/fa-solid-900.svg]
[ashik.templatepath.net/inovex-html-files/assets/css/mCSB_buttons.html]
[ashik.templatepath.net/inovex-html-files/assets/css/owl.video.play.html]
[ashik.templatepath.net/inovex-html-files/assets/images/portfolio/portfolio-col-1-1.jpg]
[ashik.templatepath.net/inovex-html-files/assets/images/portfolio/portfolio-col-1-5.jpg]
[ashik.templatepath.net/inovex-html-files/assets/fonts/fa-regular-400.ttf]
